// Jest Snapshot v1, https://goo.gl/fbAQLP

exports[`Map component renders correctly 1`] = `
<div
  id="map"
/>
`;
