// Jest Snapshot v1, https://goo.gl/fbAQLP

exports[`Favorites component renders correctly 1`] = `"Please wait for data loading."`;
