// Jest Snapshot v1, https://goo.gl/fbAQLP

exports[`Rent place component renders correctly 1`] = `
<main
  className="page__main page__main--property"
>
  <section
    className="property"
  >
    <div
      className="property__gallery-container container"
    >
      <div
        className="property__gallery"
      >
        <div
          className="property__image-wrapper"
        >
          <img
            alt="Photo studio"
            className="property__image"
            src="https://es31-server.appspot.com/six-cities/static/hotel/15.jpg"
          />
        </div>
        <div
          className="property__image-wrapper"
        >
          <img
            alt="Photo studio"
            className="property__image"
            src="https://es31-server.appspot.com/six-cities/static/hotel/9.jpg"
          />
        </div>
        <div
          className="property__image-wrapper"
        >
          <img
            alt="Photo studio"
            className="property__image"
            src="https://es31-server.appspot.com/six-cities/static/hotel/12.jpg"
          />
        </div>
        <div
          className="property__image-wrapper"
        >
          <img
            alt="Photo studio"
            className="property__image"
            src="https://es31-server.appspot.com/six-cities/static/hotel/16.jpg"
          />
        </div>
        <div
          className="property__image-wrapper"
        >
          <img
            alt="Photo studio"
            className="property__image"
            src="https://es31-server.appspot.com/six-cities/static/hotel/13.jpg"
          />
        </div>
        <div
          className="property__image-wrapper"
        >
          <img
            alt="Photo studio"
            className="property__image"
            src="https://es31-server.appspot.com/six-cities/static/hotel/20.jpg"
          />
        </div>
      </div>
    </div>
    <div
      className="property__container container"
    >
      <div
        className="property__wrapper"
      >
        <div
          className="property__mark"
        >
          <span>
            Premium
          </span>
        </div>
        <div
          className="property__name-wrapper"
        >
          <h1
            className="property__name"
          >
            Beautiful & luxurious apartment at great location
          </h1>
          <button
            className="property__bookmark-button button "
            onClick={[Function]}
            type="button"
          >
            <a
              href="/login"
              onClick={[Function]}
            >
              <svg
                className="property__bookmark-icon"
                height={33}
                width={31}
              >
                <use
                  xlinkHref="#icon-bookmark"
                />
              </svg>
              <span
                className="visually-hidden"
              >
                To bookmarks
              </span>
            </a>
          </button>
        </div>
        <div
          className="property__rating rating"
        >
          <div
            className="property__stars rating__stars"
          >
            <span
              style={
                Object {
                  "width": "90%",
                }
              }
            />
            <span
              className="visually-hidden"
            >
              Rating
            </span>
          </div>
          <span
            className="property__rating-value rating__value"
          >
            4.5
          </span>
        </div>
        <ul
          className="property__features"
        >
          <li
            className="property__feature property__feature--entire"
          >
            Apartment
          </li>
          <li
            className="property__feature property__feature--bedrooms"
          >
            1
             Bedrooms
          </li>
          <li
            className="property__feature property__feature--adults"
          >
            Max 
            1
             adults
          </li>
        </ul>
        <div
          className="property__price"
        >
          <b
            className="property__price-value"
          >
            €
            120
          </b>
          <span
            className="property__price-text"
          >
             night
          </span>
        </div>
        <div
          className="property__inside"
        >
          <h2
            className="property__inside-title"
          >
            What's inside
          </h2>
          <ul
            className="property__inside-list"
          >
            <li
              className="property__inside-item"
            >
              Air conditioning
            </li>
            <li
              className="property__inside-item"
            >
              Washer
            </li>
            <li
              className="property__inside-item"
            >
              Fridge
            </li>
            <li
              className="property__inside-item"
            >
              Baby seat
            </li>
            <li
              className="property__inside-item"
            >
              Dishwasher
            </li>
            <li
              className="property__inside-item"
            >
              Coffee machine
            </li>
            <li
              className="property__inside-item"
            >
              Laptop friendly workspace
            </li>
            <li
              className="property__inside-item"
            >
              Towels
            </li>
            <li
              className="property__inside-item"
            >
              Breakfast
            </li>
          </ul>
        </div>
        <div
          className="property__host"
        >
          <h2
            className="property__host-title"
          >
            Meet the host
          </h2>
          <div
            className="property__host-user user"
          >
            <div
              className="property__avatar-wrapper property__avatar-wrapper--pro user__avatar-wrapper"
            >
              <img
                alt="Host avatar"
                className="property__avatar user__avatar"
                height="74"
                src="img/avatar-angelina.jpg"
                width="74"
              />
            </div>
            <span
              className="property__user-name"
            >
              Angelina
            </span>
            <span
              className="property__user-status"
            >
              Pro
            </span>
          </div>
          <div
            className="property__description"
          >
            <p
              className="property__text"
            />
          </div>
        </div>
        <section
          className="property__reviews reviews"
        >
          <h2
            className="reviews__title"
          >
            Reviews ·
             
            <span
              className="reviews__amount"
            >
              2
            </span>
          </h2>
          <ul
            className="reviews__list"
          >
            <li
              className="reviews__item"
            >
              <div
                className="reviews__user user"
              >
                <div
                  className="reviews__avatar-wrapper user__avatar-wrapper"
                >
                  <img
                    alt="Reviews avatar"
                    className="reviews__avatar user__avatar"
                    height="54"
                    width="54"
                  />
                </div>
                <span
                  className="reviews__user-name"
                >
                  Max
                </span>
              </div>
              <div
                className="reviews__info"
              >
                <div
                  className="reviews__rating rating"
                >
                  <div
                    className="reviews__stars rating__stars"
                  >
                    <span
                      style={
                        Object {
                          "width": "80%",
                        }
                      }
                    />
                    <span
                      className="visually-hidden"
                    >
                      Rating
                    </span>
                  </div>
                </div>
                <p
                  className="reviews__text"
                >
                  A quiet cozy and picturesque that hides behind a a river by the unique lightness of Amsterdam.
                </p>
                <time
                  className="reviews__time"
                  dateTime={2019-05-08T14:13:56.569Z}
                >
                  May 2019
                </time>
              </div>
            </li>
            <li
              className="reviews__item"
            >
              <div
                className="reviews__user user"
              >
                <div
                  className="reviews__avatar-wrapper user__avatar-wrapper"
                >
                  <img
                    alt="Reviews avatar"
                    className="reviews__avatar user__avatar"
                    height="54"
                    width="54"
                  />
                </div>
                <span
                  className="reviews__user-name"
                >
                  Alex
                </span>
              </div>
              <div
                className="reviews__info"
              >
                <div
                  className="reviews__rating rating"
                >
                  <div
                    className="reviews__stars rating__stars"
                  >
                    <span
                      style={
                        Object {
                          "width": "80%",
                        }
                      }
                    />
                    <span
                      className="visually-hidden"
                    >
                      Rating
                    </span>
                  </div>
                </div>
                <p
                  className="reviews__text"
                >
                  A quiet cozy and picturesque that hides behind a a river by the unique lightness of Amsterdam.
                </p>
                <time
                  className="reviews__time"
                  dateTime={2019-05-08T14:13:56.569Z}
                >
                  May 2019
                </time>
              </div>
            </li>
          </ul>
          
        </section>
      </div>
    </div>
    <section
      className="property__map map"
    >
      <div
        id="map"
      />
    </section>
  </section>
  <div
    className="container"
  >
    <section
      className="near-places places"
    >
      <h2
        className="near-places__title"
      >
        Other places in the neighbourhood
      </h2>
      <div
        className="near-places__list places__list"
      >
        <article
          className="cities__place-card place-card"
        >
          <div
            className="place-card__mark"
          >
            <span>
              Premium
            </span>
          </div>
          <div
            className="cities__image-wrapper place-card__image-wrapper"
          >
            <a
              href="#"
              onClick={[Function]}
            >
              <img
                alt="Place image"
                className="place-card__image"
                height="200"
                src="https://es31-server.appspot.com/six-cities/static/hotel/8.jpg"
                width="260"
              />
            </a>
          </div>
          <div
            className="place-card__info"
          >
            <div
              className="place-card__price-wrapper"
            >
              <div
                className="place-card__price"
              >
                <b
                  className="place-card__price-value"
                >
                  €
                  120
                </b>
                <span
                  className="place-card__price-text"
                >
                  / night
                </span>
              </div>
              <button
                className="place-card__bookmark-button button "
                onClick={[Function]}
                type="button"
              >
                <a
                  href="/login"
                  onClick={[Function]}
                >
                  <svg
                    className="place-card__bookmark-icon"
                    height={19}
                    width={18}
                  >
                    <use
                      xlinkHref="#icon-bookmark"
                    />
                  </svg>
                  <span
                    className="visually-hidden"
                  >
                    To bookmarks
                  </span>
                </a>
              </button>
            </div>
            <div
              className="place-card__rating rating"
            >
              <div
                className="place-card__stars rating__stars"
              >
                <span
                  style={
                    Object {
                      "width": "90%",
                    }
                  }
                />
                <span
                  className="visually-hidden"
                >
                  Rating
                </span>
              </div>
            </div>
            <h2
              className="place-card__name"
            >
              <a
                href="/offer/undefined"
                onClick={[Function]}
              >
                Beautiful & luxurious apartment at great location
              </a>
            </h2>
            <p
              className="place-card__type"
            >
              Apartment
            </p>
          </div>
        </article>
        <article
          className="cities__place-card place-card"
        >
          <div
            className="cities__image-wrapper place-card__image-wrapper"
          >
            <a
              href="#"
              onClick={[Function]}
            >
              <img
                alt="Place image"
                className="place-card__image"
                height="200"
                src="https://es31-server.appspot.com/six-cities/static/hotel/8.jpg"
                width="260"
              />
            </a>
          </div>
          <div
            className="place-card__info"
          >
            <div
              className="place-card__price-wrapper"
            >
              <div
                className="place-card__price"
              >
                <b
                  className="place-card__price-value"
                >
                  €
                  80
                </b>
                <span
                  className="place-card__price-text"
                >
                  / night
                </span>
              </div>
              <button
                className="place-card__bookmark-button button "
                onClick={[Function]}
                type="button"
              >
                <a
                  href="/login"
                  onClick={[Function]}
                >
                  <svg
                    className="place-card__bookmark-icon"
                    height={19}
                    width={18}
                  >
                    <use
                      xlinkHref="#icon-bookmark"
                    />
                  </svg>
                  <span
                    className="visually-hidden"
                  >
                    To bookmarks
                  </span>
                </a>
              </button>
            </div>
            <div
              className="place-card__rating rating"
            >
              <div
                className="place-card__stars rating__stars"
              >
                <span
                  style={
                    Object {
                      "width": "80%",
                    }
                  }
                />
                <span
                  className="visually-hidden"
                >
                  Rating
                </span>
              </div>
            </div>
            <h2
              className="place-card__name"
            >
              <a
                href="/offer/undefined"
                onClick={[Function]}
              >
                Wood and stone place
              </a>
            </h2>
            <p
              className="place-card__type"
            >
              Private room
            </p>
          </div>
        </article>
        <article
          className="cities__place-card place-card"
        >
          <div
            className="cities__image-wrapper place-card__image-wrapper"
          >
            <a
              href="#"
              onClick={[Function]}
            >
              <img
                alt="Place image"
                className="place-card__image"
                height="200"
                src="https://es31-server.appspot.com/six-cities/static/hotel/8.jpg"
                width="260"
              />
            </a>
          </div>
          <div
            className="place-card__info"
          >
            <div
              className="place-card__price-wrapper"
            >
              <div
                className="place-card__price"
              >
                <b
                  className="place-card__price-value"
                >
                  €
                  132
                </b>
                <span
                  className="place-card__price-text"
                >
                  / night
                </span>
              </div>
              <button
                className="place-card__bookmark-button button "
                onClick={[Function]}
                type="button"
              >
                <a
                  href="/login"
                  onClick={[Function]}
                >
                  <svg
                    className="place-card__bookmark-icon"
                    height={19}
                    width={18}
                  >
                    <use
                      xlinkHref="#icon-bookmark"
                    />
                  </svg>
                  <span
                    className="visually-hidden"
                  >
                    To bookmarks
                  </span>
                </a>
              </button>
            </div>
            <div
              className="place-card__rating rating"
            >
              <div
                className="place-card__stars rating__stars"
              >
                <span
                  style={
                    Object {
                      "width": "80%",
                    }
                  }
                />
                <span
                  className="visually-hidden"
                >
                  Rating
                </span>
              </div>
            </div>
            <h2
              className="place-card__name"
            >
              <a
                href="/offer/undefined"
                onClick={[Function]}
              >
                Canal View Prinsengracht
              </a>
            </h2>
            <p
              className="place-card__type"
            >
              Apartment
            </p>
          </div>
        </article>
        <article
          className="cities__place-card place-card"
        >
          <div
            className="place-card__mark"
          >
            <span>
              Premium
            </span>
          </div>
          <div
            className="cities__image-wrapper place-card__image-wrapper"
          >
            <a
              href="#"
              onClick={[Function]}
            >
              <img
                alt="Place image"
                className="place-card__image"
                height="200"
                src="https://es31-server.appspot.com/six-cities/static/hotel/8.jpg"
                width="260"
              />
            </a>
          </div>
          <div
            className="place-card__info"
          >
            <div
              className="place-card__price-wrapper"
            >
              <div
                className="place-card__price"
              >
                <b
                  className="place-card__price-value"
                >
                  €
                  180
                </b>
                <span
                  className="place-card__price-text"
                >
                  / night
                </span>
              </div>
              <button
                className="place-card__bookmark-button button "
                onClick={[Function]}
                type="button"
              >
                <a
                  href="/login"
                  onClick={[Function]}
                >
                  <svg
                    className="place-card__bookmark-icon"
                    height={19}
                    width={18}
                  >
                    <use
                      xlinkHref="#icon-bookmark"
                    />
                  </svg>
                  <span
                    className="visually-hidden"
                  >
                    To bookmarks
                  </span>
                </a>
              </button>
            </div>
            <div
              className="place-card__rating rating"
            >
              <div
                className="place-card__stars rating__stars"
              >
                <span
                  style={
                    Object {
                      "width": "100%",
                    }
                  }
                />
                <span
                  className="visually-hidden"
                >
                  Rating
                </span>
              </div>
            </div>
            <h2
              className="place-card__name"
            >
              <a
                href="/offer/undefined"
                onClick={[Function]}
              >
                Nice, cozy, warm big bed apartment
              </a>
            </h2>
            <p
              className="place-card__type"
            >
              Apartment
            </p>
          </div>
        </article>
        <article
          className="cities__place-card place-card"
        >
          <div
            className="cities__image-wrapper place-card__image-wrapper"
          >
            <a
              href="#"
              onClick={[Function]}
            >
              <img
                alt="Place image"
                className="place-card__image"
                height="200"
                src="https://es31-server.appspot.com/six-cities/static/hotel/8.jpg"
                width="260"
              />
            </a>
          </div>
          <div
            className="place-card__info"
          >
            <div
              className="place-card__price-wrapper"
            >
              <div
                className="place-card__price"
              >
                <b
                  className="place-card__price-value"
                >
                  €
                  132
                </b>
                <span
                  className="place-card__price-text"
                >
                  / night
                </span>
              </div>
              <button
                className="place-card__bookmark-button button "
                onClick={[Function]}
                type="button"
              >
                <a
                  href="/login"
                  onClick={[Function]}
                >
                  <svg
                    className="place-card__bookmark-icon"
                    height={19}
                    width={18}
                  >
                    <use
                      xlinkHref="#icon-bookmark"
                    />
                  </svg>
                  <span
                    className="visually-hidden"
                  >
                    To bookmarks
                  </span>
                </a>
              </button>
            </div>
            <div
              className="place-card__rating rating"
            >
              <div
                className="place-card__stars rating__stars"
              >
                <span
                  style={
                    Object {
                      "width": "80%",
                    }
                  }
                />
                <span
                  className="visually-hidden"
                >
                  Rating
                </span>
              </div>
            </div>
            <h2
              className="place-card__name"
            >
              <a
                href="/offer/undefined"
                onClick={[Function]}
              >
                Canal View Prinsengracht
              </a>
            </h2>
            <p
              className="place-card__type"
            >
              Apartment
            </p>
          </div>
        </article>
        <article
          className="cities__place-card place-card"
        >
          <div
            className="place-card__mark"
          >
            <span>
              Premium
            </span>
          </div>
          <div
            className="cities__image-wrapper place-card__image-wrapper"
          >
            <a
              href="#"
              onClick={[Function]}
            >
              <img
                alt="Place image"
                className="place-card__image"
                height="200"
                src="https://es31-server.appspot.com/six-cities/static/hotel/8.jpg"
                width="260"
              />
            </a>
          </div>
          <div
            className="place-card__info"
          >
            <div
              className="place-card__price-wrapper"
            >
              <div
                className="place-card__price"
              >
                <b
                  className="place-card__price-value"
                >
                  €
                  180
                </b>
                <span
                  className="place-card__price-text"
                >
                  / night
                </span>
              </div>
              <button
                className="place-card__bookmark-button button "
                onClick={[Function]}
                type="button"
              >
                <a
                  href="/login"
                  onClick={[Function]}
                >
                  <svg
                    className="place-card__bookmark-icon"
                    height={19}
                    width={18}
                  >
                    <use
                      xlinkHref="#icon-bookmark"
                    />
                  </svg>
                  <span
                    className="visually-hidden"
                  >
                    To bookmarks
                  </span>
                </a>
              </button>
            </div>
            <div
              className="place-card__rating rating"
            >
              <div
                className="place-card__stars rating__stars"
              >
                <span
                  style={
                    Object {
                      "width": "100%",
                    }
                  }
                />
                <span
                  className="visually-hidden"
                >
                  Rating
                </span>
              </div>
            </div>
            <h2
              className="place-card__name"
            >
              <a
                href="/offer/undefined"
                onClick={[Function]}
              >
                Nice, cozy, warm big bed apartment
              </a>
            </h2>
            <p
              className="place-card__type"
            >
              Apartment
            </p>
          </div>
        </article>
        <article
          className="cities__place-card place-card"
        >
          <div
            className="cities__image-wrapper place-card__image-wrapper"
          >
            <a
              href="#"
              onClick={[Function]}
            >
              <img
                alt="Place image"
                className="place-card__image"
                height="200"
                src="https://es31-server.appspot.com/six-cities/static/hotel/8.jpg"
                width="260"
              />
            </a>
          </div>
          <div
            className="place-card__info"
          >
            <div
              className="place-card__price-wrapper"
            >
              <div
                className="place-card__price"
              >
                <b
                  className="place-card__price-value"
                >
                  €
                  80
                </b>
                <span
                  className="place-card__price-text"
                >
                  / night
                </span>
              </div>
              <button
                className="place-card__bookmark-button button "
                onClick={[Function]}
                type="button"
              >
                <a
                  href="/login"
                  onClick={[Function]}
                >
                  <svg
                    className="place-card__bookmark-icon"
                    height={19}
                    width={18}
                  >
                    <use
                      xlinkHref="#icon-bookmark"
                    />
                  </svg>
                  <span
                    className="visually-hidden"
                  >
                    To bookmarks
                  </span>
                </a>
              </button>
            </div>
            <div
              className="place-card__rating rating"
            >
              <div
                className="place-card__stars rating__stars"
              >
                <span
                  style={
                    Object {
                      "width": "80%",
                    }
                  }
                />
                <span
                  className="visually-hidden"
                >
                  Rating
                </span>
              </div>
            </div>
            <h2
              className="place-card__name"
            >
              <a
                href="/offer/undefined"
                onClick={[Function]}
              >
                Wood and stone place
              </a>
            </h2>
            <p
              className="place-card__type"
            >
              Private room
            </p>
          </div>
        </article>
        <article
          className="cities__place-card place-card"
        >
          <div
            className="cities__image-wrapper place-card__image-wrapper"
          >
            <a
              href="#"
              onClick={[Function]}
            >
              <img
                alt="Place image"
                className="place-card__image"
                height="200"
                src="https://es31-server.appspot.com/six-cities/static/hotel/8.jpg"
                width="260"
              />
            </a>
          </div>
          <div
            className="place-card__info"
          >
            <div
              className="place-card__price-wrapper"
            >
              <div
                className="place-card__price"
              >
                <b
                  className="place-card__price-value"
                >
                  €
                  132
                </b>
                <span
                  className="place-card__price-text"
                >
                  / night
                </span>
              </div>
              <button
                className="place-card__bookmark-button button "
                onClick={[Function]}
                type="button"
              >
                <a
                  href="/login"
                  onClick={[Function]}
                >
                  <svg
                    className="place-card__bookmark-icon"
                    height={19}
                    width={18}
                  >
                    <use
                      xlinkHref="#icon-bookmark"
                    />
                  </svg>
                  <span
                    className="visually-hidden"
                  >
                    To bookmarks
                  </span>
                </a>
              </button>
            </div>
            <div
              className="place-card__rating rating"
            >
              <div
                className="place-card__stars rating__stars"
              >
                <span
                  style={
                    Object {
                      "width": "80%",
                    }
                  }
                />
                <span
                  className="visually-hidden"
                >
                  Rating
                </span>
              </div>
            </div>
            <h2
              className="place-card__name"
            >
              <a
                href="/offer/undefined"
                onClick={[Function]}
              >
                Canal View Prinsengracht
              </a>
            </h2>
            <p
              className="place-card__type"
            >
              Apartment
            </p>
          </div>
        </article>
      </div>
    </section>
  </div>
</main>
`;
